Charge of NaCl molecule is 0
Charge of H2O molecule is 0
Mass of NaCl molecule is 58.5
Mass of H2O molecule is 18.0
