Hurray! 4 is an even number : )
Oh no! 5 is a odd number : (
