2 H1 + 1 Cl2 --> 2 HCl
1 PCl5 + 4 H2O --> 1 H3PO4 + 5 HCl
10 KBr + 2 KMnO4 + 8 H2SO4 --> 5 Br2 + 2 MnSO4 + 6 K2SO4 + 8 H2O
1 SnO2 + 2 H2 --> 2 H2O + 1 Sn1
