Charge of NaCl molecule is 2
Charge of H2O molecule is 4
Mass of NaCl molecule is 58.0
Mass of H2O molecule is 18.0
