 Printing without using concatenation
Hello, world!
 Printing by using concatenation
Hello, world!
