Oh no! 4 is not multiple of 5 : (
Hurray! 10 is multiple of 5 : )
