Mass of Na is 23.0
Charge of Na is 1
Mass of Cl is 35.5
Charge of Cl is -1
Mass of NaCl is 58.5
Charge of NaCl is 0
Mass of H2O is 18.0
Charge of H2O is 0
