2 H2 + 1 O2 --> 2 H2O
1 NaOH + 1 HCl --> 1 H2O + 1 NaCl
